node.exe : npm warn Un
known project config "
shamefully-hoist". Thi
s will stop working in
 the next major versio
n of npm.
At line:1 char:1
+ & "C:\nvm4w\nodejs/n
ode.exe" "C:\Users\geo
rg\AppData\Roaming\npm
/node ...
+ ~~~~~~~~~~~~~~~~~~~~
~~~~~~~~~~~~~~~~~~~~~~
~~~~~~~~~~~~~~~~~~~~~~
~~~~~
    + CategoryInfo    
          : NotSpecifi
ed    : (npm warn Unkn
ow.    ..version of np
m.:S    tring) [], Rem
oteEx    ception
    + FullyQualifiedEr
r    orId : NativeComm
an    dError
 

> electron-vite-react@2.2.0 pretest
> vite build --mode=test

[36mvite v5.4.21 [32mbuilding for test...[36m[39m
transforming...
[32mΓ£ô[39m 2407 modules transformed.
rendering chunks...
computing gzip size...
[2mdist/[22m[32mindex.html                 [39m[1m[2m  0.59 kB[22m[1m[22m[2m Γöé gzip:   0.37 kB[22m
[2mdist/[22m[35massets/index-DcEBcZtI.css  [39m[1m[2m 10.31 kB[22m[1m[22m[2m Γöé gzip:   2.40 kB[22m
[2mdist/[22m[36massets/index-flznkNV8.js   [39m[1m[33m863.58 kB[39m[22m[2m Γöé gzip: 273.76 kB[22m
[33m
(!) Some chunks are la
rger than 500 kB after
 minification. Conside
r:
- Using dynamic import
() to code-split the a
pplication
- Use build.rollupOpti
ons.output.manualChunk
s to improve chunking:
 https://rollupjs.org/
configuration-options/
#output-manualchunks
- Adjust chunk size li
mit for this warning v
ia build.chunkSizeWarn
ingLimit.[39m
[32mΓ£ô built in 4.83s[39m
[36mvite v5.4.21 [32mbuilding for test...[36m[39m
transforming...
[32mΓ£ô[39m 2 modules transformed.
rendering chunks...
computing gzip size...
[2mdist-electron/main/[22m[36mindex.js  [39m[1m[2m3.65 kB[22m[1m[22m[2m Γöé gzip: 1.58 kB[22m
[32mΓ£ô built in 23ms[39m
[36mvite v5.4.21 [32mbuilding for test...[36m[39m
transforming...
[32mΓ£ô[39m 1 modules transformed.
rendering chunks...
computing gzip size...
[2mdist-electron/preload/[22m[36mindex.mjs  [39m[1m[2m1.91 kB[22m[1m[22m[2m Γöé gzip: 0.88 kB[22m
[32mΓ£ô built in 16ms[39m

> electron-vite-react@2.2.0 test
> vitest run


[1m[7m[36m RUN [39m[27m[22m [36mv2.1.9 [39m[90mC:/Users/georg/OneDrive/Desktop/Freedom24-profit-calculator[39m

 [31mΓ¥»[39m test/calculator.test.ts [2m([22m[2m3 tests[22m[2m | [22m[31m1 failed[39m[2m)[22m[90m 40[2mms[22m[39m
[31m   [31m├ù[31m ProfitCalculator[2m > [22mcalculates dividends correctly[90m 16[2mms[22m[31m[39m
[31m     ΓåÆ expected 12 to be 10.5 // Object.is equality[39m
 [32mΓ£ô[39m test/e2e.spec.ts [2m([22m[2m3 tests[22m[2m)[22m[33m 1143[2mms[22m[39m

[31mΓÄ»ΓÄ»ΓÄ»ΓÄ»ΓÄ»ΓÄ
»ΓÄ»[1m[7m Failed Te
sts 1 [27m[22mΓÄ»ΓÄ»
ΓÄ»ΓÄ»ΓÄ»ΓÄ»ΓÄ»[39m

[31m[1m[7m FAIL [2
7m[22m[39m test/calc
ulator.test.ts[2m > 
[22mProfitCalculator[
2m > [22mcalculates d
ividends correctly
[31m[1mAssertionErro
r[22m: expected 12 to
 be 10.5 // Object.is 
equality[39m

[32m- Expected[39m
[31m+ Received[39m

[32m- 10.5[39m
[31m+ 12[39m

[36m [2mΓ¥»[22m tes
t/calculator.test.ts:
[2m66:36[22m[39m
    [90m 64| [39m   
 [35mconst[39m resul
t [33m=[39m calculat
or[33m.[39m[34mcalc
ulate[39m([32m'FIFO'
[39m)
    [90m 65| [39m
    [90m 66| [39m   
 [34mexpect[39m(resu
lt[33m.[39mtotal_div
idends)[33m.[39m[34
mtoBe[39m([34m10.5[
39m)
    [90m   | [39m   
                      
          [31m^[39m
    [90m 67| [39m   
 [34mexpect[39m(resu
lt[33m.[39mdividends
)[33m.[39m[34mtoHav
eLength[39m([34m1[3
9m)
    [90m 68| [39m   
 [34mexpect[39m(resu
lt[33m.[39mtotal_fee
s_paid)[33m.[39m[34
mtoBe[39m([34m2.0[3
9m)

[31m[2mΓÄ»ΓÄ»ΓÄ»ΓÄ»Γ
Ä»ΓÄ»ΓÄ»ΓÄ»ΓÄ»ΓÄ»ΓÄ»ΓÄ
»ΓÄ»ΓÄ»ΓÄ»ΓÄ»ΓÄ»ΓÄ»ΓÄ»
ΓÄ»ΓÄ»ΓÄ»ΓÄ»ΓÄ»[1/1]ΓÄ
»[22m[39m

[2m Test Files [22m [1m[31m1 failed[39m[22m[2m | [22m[1m[32m1 passed[39m[22m[90m (2)[39m
[2m      Tests [22m [1m[31m1 failed[39m[22m[2m | [22m[1m[32m5 passed[39m[22m[90m (6)[39m
[2m   Start at [22m 18:22:40
[2m   Duration [22m 2.77s[2m (transform 79ms, setup 0ms, collect 857ms, tests 1.18s, environment 0ms, prepare 256ms)[22m

